[2026-08-20 11:45:01Z] nfl raw scrape start: seasons 2026-2026 types='PRE REG POST'
[2026-08-20 11:45:01Z] interpreter: /mnt/sdv_repos/nfl-raw/.venv/bin/python
[2026-08-20 11:45:10Z] WARN: working tree dirty; skipped sync with origin
[scrape] seasons 2026..2026 (1) | types=['PRE', 'REG', 'POST'] | delay=2.0s | extract=on
[fetcher] 2026/PRE wk00 -> data/raw/2026/PRE/wk00.json
[fetcher] 2026/PRE wk01 -> data/raw/2026/PRE/wk01.json
[fetcher] 2026/PRE wk02 -> data/raw/2026/PRE/wk02.json
[fetcher] 2026/PRE wk03 -> data/raw/2026/PRE/wk03.json
[fetcher] 2026/REG wk01 -> data/raw/2026/REG/wk01.json
[fetcher] 2026/REG wk02 -> data/raw/2026/REG/wk02.json
[fetcher] 2026/REG wk03 -> data/raw/2026/REG/wk03.json
[fetcher] 2026/REG wk04 -> data/raw/2026/REG/wk04.json
[fetcher] 2026/REG wk05 -> data/raw/2026/REG/wk05.json
[fetcher] 2026/REG wk06 -> data/raw/2026/REG/wk06.json
[fetcher] 2026/REG wk07 -> data/raw/2026/REG/wk07.json
[fetcher] 2026/REG wk08 -> data/raw/2026/REG/wk08.json
[fetcher] 2026/REG wk09 -> data/raw/2026/REG/wk09.json
[fetcher] 2026/REG wk10 -> data/raw/2026/REG/wk10.json
[fetcher] 2026/REG wk11 -> data/raw/2026/REG/wk11.json
[fetcher] 2026/REG wk12 -> data/raw/2026/REG/wk12.json
[fetcher] 2026/REG wk13 -> data/raw/2026/REG/wk13.json
[fetcher] 2026/REG wk14 -> data/raw/2026/REG/wk14.json
[fetcher] 2026/REG wk15 -> data/raw/2026/REG/wk15.json
[fetcher] 2026/REG wk16 -> data/raw/2026/REG/wk16.json
[fetcher] 2026/REG wk17 -> data/raw/2026/REG/wk17.json
[fetcher] 2026/REG wk18 -> data/raw/2026/REG/wk18.json
[scrape] 2026: fetched 22 new weekly file(s) -> extracted 321 game file(s) in 58.0s
[scrape] 2026: committed 321 games
[scrape] done: 1 season(s), 22 new weekly file(s), 321 game file(s) in 58.7s
To github.com:sportsdataverse/nfl-raw.git
   b9bad97..d71eb44  main -> main
[2026-08-20 11:46:13Z] nfl raw scrape done (scrape=0 push=0)
[2026-08-20 11:59:30Z] nfl raw scrape start: seasons 2026-2026 types='PRE REG POST'
[2026-08-20 11:59:30Z] interpreter: /home/runner/work/nfl-raw/nfl-raw/.venv/bin/python
[2026-08-20 11:59:33Z] WARN: working tree dirty; skipped sync with origin
[scrape] seasons 2026..2026 (1) | types=['PRE', 'REG', 'POST'] | delay=2.0s | extract=on
[fetcher] 2026/PRE wk00 -> data/raw/2026/PRE/wk00.json
[fetcher] 2026/PRE wk01 -> data/raw/2026/PRE/wk01.json
[fetcher] 2026/PRE wk02 -> data/raw/2026/PRE/wk02.json
[fetcher] 2026/PRE wk03 -> data/raw/2026/PRE/wk03.json
[fetcher] 2026/REG wk01 -> data/raw/2026/REG/wk01.json
[fetcher] 2026/REG wk02 -> data/raw/2026/REG/wk02.json
[fetcher] 2026/REG wk03 -> data/raw/2026/REG/wk03.json
[fetcher] 2026/REG wk04 -> data/raw/2026/REG/wk04.json
[fetcher] 2026/REG wk05 -> data/raw/2026/REG/wk05.json
[fetcher] 2026/REG wk06 -> data/raw/2026/REG/wk06.json
[fetcher] 2026/REG wk07 -> data/raw/2026/REG/wk07.json
[fetcher] 2026/REG wk08 -> data/raw/2026/REG/wk08.json
[fetcher] 2026/REG wk09 -> data/raw/2026/REG/wk09.json
[fetcher] 2026/REG wk10 -> data/raw/2026/REG/wk10.json
[fetcher] 2026/REG wk11 -> data/raw/2026/REG/wk11.json
[fetcher] 2026/REG wk12 -> data/raw/2026/REG/wk12.json
[fetcher] 2026/REG wk13 -> data/raw/2026/REG/wk13.json
[fetcher] 2026/REG wk14 -> data/raw/2026/REG/wk14.json
[fetcher] 2026/REG wk15 -> data/raw/2026/REG/wk15.json
[fetcher] 2026/REG wk16 -> data/raw/2026/REG/wk16.json
[fetcher] 2026/REG wk17 -> data/raw/2026/REG/wk17.json
[fetcher] 2026/REG wk18 -> data/raw/2026/REG/wk18.json
[scrape] 2026: fetched 22 new weekly file(s) -> extracted 321 game file(s) in 55.5s
[scrape] 2026: nothing new to commit
[scrape] done: 1 season(s), 22 new weekly file(s), 321 game file(s) in 55.5s
Everything up-to-date
[2026-08-20 12:00:30Z] nfl raw scrape done (scrape=0 push=0)
